Hover tests/src/Hover.res 0:4
getPackage Hover.res
alternateDeclared
found paths
{"contents": "```rescript\nint\n```"}

Hover tests/src/Hover.res 3:5
getPackage Hover.res
{"contents": "```rescript\ntype t = (int, float)\n```"}

Hover tests/src/Hover.res 6:7
getPackage Hover.res
{"contents": "```rescript\nmodule Id = {\n  type x = int\n}\n```"}

Hover tests/src/Hover.res 19:11
getPackage Hover.res
{"contents": "\nThis module is commented\n```rescript\nmodule Dep = {\n  let customDouble: int => int\n}\n```"}

Hover tests/src/Hover.res 22:11
getPackage Hover.res
{"contents": "```rescript\nint => int\n```\n\nSome doc comment"}

Hover tests/src/Hover.res 26:6
getPackage Hover.res
alternateDeclared
found paths
{"contents": "```rescript\nint\n```"}

Hover tests/src/Hover.res 33:4
getPackage Hover.res
alternateDeclared
found paths
{"contents": "```rescript\nunit => int\n```\n\nDoc comment for functionWithTypeAnnotation"}

Hover tests/src/Hover.res 37:13
getPackage Hover.res
{"contents": "```rescript\nstring\n```"}

Hover tests/src/Hover.res 41:13
getPackage Hover.res
{"contents": "```rescript\nstring\n```"}

Hover tests/src/Hover.res 44:10
getPackage Hover.res
{"contents": "```rescript\nint\n```"}

Hover tests/src/Hover.res 47:13
getPackage Hover.res
{"contents": "```rescript\nmodule Logger = {\n  let log: string => unit\n}\n```"}

Hover tests/src/Hover.res 52:7
getPackage Hover.res
{"contents": "```rescript\nmodule Logger = {\n  let log: string => unit\n}\n```"}

Definition tests/src/Hover.res 58:14
getPackage Hover.res
{"uri": "Hover.res", "range": {"start": {"line": 47, "character": 12}, "end": {"line": 47, "character": 18}}}

Hover tests/src/Hover.res 62:9
getPackage Hover.res
{"contents": "```rescript\nmodule IdDefinedTwice = {\n  let y: int\n  let _x: int\n}\n```"}

Hover tests/src/Hover.res 71:7
getPackage Hover.res
{"contents": "```rescript\nmodule A = {\n  let x: int\n}\n```"}

Hover tests/src/Hover.res 74:7
getPackage Hover.res
{"contents": "```rescript\nmodule A = {\n  let x: int\n}\n```"}

Hover tests/src/Hover.res 84:10
getPackage Hover.res
{"contents": "```rescript\n{\"children\": React.element} => React.element\n```"}

Hover tests/src/Hover.res 87:10
getPackage Hover.res
{"contents": "```rescript\n{\"children\": React.element} => React.element\n```"}

