Definition tests/src/Jsx.res 5:9
getPackage Jsx.res
{"uri": "Jsx.res", "range": {"start": {"line": 2, "character": 6}, "end": {"line": 2, "character": 10}}}

Complete tests/src/Jsx.res 7:2
getPackage Jsx.res
[{
    "label": "first",
    "kind": 4,
    "tags": [],
    "detail": "string",
    "documentation": null
  }, {
    "label": "fun",
    "kind": 4,
    "tags": [],
    "detail": "option<string>",
    "documentation": null
  }, {
    "label": "key",
    "kind": 4,
    "tags": [],
    "detail": "string",
    "documentation": null
  }]

Complete tests/src/Jsx.res 9:2
getPackage Jsx.res
[{
    "label": "first",
    "kind": 4,
    "tags": [],
    "detail": "string",
    "documentation": null
  }, {
    "label": "fun",
    "kind": 4,
    "tags": [],
    "detail": "option<string>",
    "documentation": null
  }, {
    "label": "key",
    "kind": 4,
    "tags": [],
    "detail": "string",
    "documentation": null
  }]

Complete tests/src/Jsx.res 11:2
getPackage Jsx.res
[{
    "label": "second",
    "kind": 4,
    "tags": [],
    "detail": "option<string>",
    "documentation": null
  }, {
    "label": "first",
    "kind": 4,
    "tags": [],
    "detail": "string",
    "documentation": null
  }, {
    "label": "fun",
    "kind": 4,
    "tags": [],
    "detail": "option<string>",
    "documentation": null
  }, {
    "label": "key",
    "kind": 4,
    "tags": [],
    "detail": "string",
    "documentation": null
  }]

Complete tests/src/Jsx.res 18:2
getPackage Jsx.res
[{
    "label": "key",
    "kind": 4,
    "tags": [],
    "detail": "string",
    "documentation": null
  }]

Complete tests/src/Jsx.res 20:2
getPackage Jsx.res
[{
    "label": "key",
    "kind": 4,
    "tags": [],
    "detail": "string",
    "documentation": null
  }]

Complete tests/src/Jsx.res 22:2
getPackage Jsx.res
[{
    "label": "key",
    "kind": 4,
    "tags": [],
    "detail": "string",
    "documentation": null
  }]

Complete tests/src/Jsx.res 24:2
getPackage Jsx.res
[{
    "label": "key",
    "kind": 4,
    "tags": [],
    "detail": "string",
    "documentation": null
  }]

Complete tests/src/Jsx.res 26:2
getPackage Jsx.res
[{
    "label": "key",
    "kind": 4,
    "tags": [],
    "detail": "string",
    "documentation": null
  }]

Complete tests/src/Jsx.res 28:2
getPackage Jsx.res
[{
    "label": "key",
    "kind": 4,
    "tags": [],
    "detail": "string",
    "documentation": null
  }]

Complete tests/src/Jsx.res 30:2
getPackage Jsx.res
[{
    "label": "key",
    "kind": 4,
    "tags": [],
    "detail": "string",
    "documentation": null
  }]

Complete tests/src/Jsx.res 32:2
getPackage Jsx.res
[{
    "label": "key",
    "kind": 4,
    "tags": [],
    "detail": "string",
    "documentation": null
  }]

Complete tests/src/Jsx.res 34:2
getPackage Jsx.res
[{
    "label": "key",
    "kind": 4,
    "tags": [],
    "detail": "string",
    "documentation": null
  }]

Complete tests/src/Jsx.res 36:2
getPackage Jsx.res
[{
    "label": "key",
    "kind": 4,
    "tags": [],
    "detail": "string",
    "documentation": null
  }]

Complete tests/src/Jsx.res 38:2
getPackage Jsx.res
[{
    "label": "key",
    "kind": 4,
    "tags": [],
    "detail": "string",
    "documentation": null
  }]

Complete tests/src/Jsx.res 40:2
getPackage Jsx.res
[{
    "label": "key",
    "kind": 4,
    "tags": [],
    "detail": "string",
    "documentation": null
  }]

